// Jest Snapshot v1, https://goo.gl/fbAQLP

exports[`<PostTags /> should match snapshot 1`] = `
.c1 {
  margin: 2.4rem 0;
  max-width: 80rem;
  padding: 0 3.2rem 0;
}

.c1 span {
  margin: 0 0 0 0.5rem;
}

.c1 span::before {
  content: ' ';
}

.c1 span::after {
  content: ', ';
}

.c1 span:last-child::after {
  content: '';
}

.c1 a {
  color: #dc143c;
  -webkit-text-decoration: none;
  text-decoration: none;
}

transition:all 300ms ease-in-out .c0 a:hover {
  -webkit-filter: brightness(80%);
  filter: brightness(80%);
}

<div>
  <p
    class="c0 c1"
  >
    tags:
     
    <span>
      <a
        href="/tag/use-effect"
      >
        useEffect
      </a>
    </span>
    <span>
      <a
        href="/tag/use-state"
      >
        useState
      </a>
    </span>
  </p>
  ;
</div>
`;

exports[`<PostTags /> should match snapshot with no tags 1`] = `
<div>
  ;
</div>
`;
